<div data-ae-embed-url="https://foo.com">
	<div>https://foo.com</div>
</div>